// Jest Snapshot v1, https://goo.gl/fbAQLP

exports[`Shop Component should match snapshot 1`] = `
Array [
  <div>
    <h3>
      Look for things to fill your Odincart.
    </h3>
    <p
      className="lead"
    >
      Remember, none of this is real.
    </p>
  </div>,
  <div
    className="shop"
  >
    <div
      className="item-card"
    >
      <h4
        className="item-title"
      >
        Odinfeathers
      </h4>
      <p
        className="item-description"
      >
        Faux feathers in pastel gradients
      </p>
      <p
        className="price"
      >
        $
        595
      </p>
      <div
        className="item-form"
      >
        <form
          data-index={0}
          noValidate={true}
          onSubmit={[Function]}
        >
          <label
            htmlFor="quantity"
          >
            Qty:
          </label>
          <select
            id="quantity"
            name="quantity"
          >
            <option
              value="1"
            >
              1
            </option>
            <option
              value="2"
            >
              2
            </option>
            <option
              value="3"
            >
              3
            </option>
            <option
              value="4"
            >
              4
            </option>
            <option
              value="5"
            >
              5
            </option>
            <option
              value="6"
            >
              6
            </option>
          </select>
          <button
            type="submit"
          >
            Add to cart
          </button>
        </form>
      </div>
    </div>
    <div
      className="item-card"
    >
      <h4
        className="item-title"
      >
        The Nondescript Odinstone
      </h4>
      <p
        className="item-description"
      >
        If you expected description, See above
      </p>
      <p
        className="price"
      >
        $
        9995
      </p>
      <div
        className="item-form"
      >
        <form
          data-index={1}
          noValidate={true}
          onSubmit={[Function]}
        >
          <label
            htmlFor="quantity"
          >
            Qty:
          </label>
          <select
            id="quantity"
            name="quantity"
          >
            <option
              value="1"
            >
              1
            </option>
            <option
              value="2"
            >
              2
            </option>
            <option
              value="3"
            >
              3
            </option>
            <option
              value="4"
            >
              4
            </option>
            <option
              value="5"
            >
              5
            </option>
            <option
              value="6"
            >
              6
            </option>
          </select>
          <button
            type="submit"
          >
            Add to cart
          </button>
        </form>
      </div>
    </div>
  </div>,
]
`;
